---[command]--------------------------------
loki .test help rlist
---[stdout]--------------------------------
list reverse dictionary items

---[stder]--------------------------------
