---[command]--------------------------------
loki .test _sha --hash 3a0
---[stdout]--------------------------------
3a08ca9070b547bb5a95fa00ef01e1042f8e9a74

---[stder]--------------------------------
