---[command]--------------------------------
loki .test _sha 
---[stdout]--------------------------------

---[stder]--------------------------------
[err:6] loki: hash either overdetermined or underdermined the sha!
