---[command]--------------------------------
loki .test help _sha
---[stdout]--------------------------------
Return the unique sha with the hash prefix. Requres --hash

---[stder]--------------------------------
