---[command]--------------------------------
loki .test help _list
---[stdout]--------------------------------
List items in the local dictionary. The output can be filtered with --name and --hash

    The output is a list of items formatted:
        repository-name
            sha-of-latest-commit
            ...
            sha-of-second-commit
            sha-of-initial-commit

    This output can be filtered with the following options:

        --name prefix : skip repository names that do not start with prefix
        --sha  prefix : skip shas that do not start with prefix
    

---[stder]--------------------------------
