---[command]--------------------------------
loki .test _shas --hash 3
---[stdout]--------------------------------
3a08ca9070b547bb5a95fa00ef01e1042f8e9a74
3ae55c47c8c98a3bf2d148b4471ee40d6f7d79b9

---[stder]--------------------------------
