---[command]--------------------------------
loki .test help
---[stdout]--------------------------------
loki subcommands
        rlist         list reverse dictionary items
        _shas         List all shas with the hash prefix. Requires --hash
        _sha          Return the unique sha with the hash prefix. Requres --hash
        find          List the names for the given hash. Requires --hash
        update        Update the cached dictionary from github
        _list         List items in the local dictionary. The output can be filtered with --name and --hash
        help          print help. For help on a subcomand use 'help subcommand'

---[stder]--------------------------------
